[INFO] Scanning for projects...
[INFO] 
[INFO] --------------------< com.college:activity-tracker >--------------------
[INFO] Building Student Activity Tracker 1.0.0
[INFO]   from pom.xml
[INFO] --------------------------------[ jar ]---------------------------------
[INFO] 
[INFO] --- resources:3.3.1:resources (default-resources) @ activity-tracker ---
[INFO] Copying 1 resource from src\main\resources to target\classes
[INFO] Copying 5 resources from src\main\resources to target\classes
[INFO] 
[INFO] --- compiler:3.11.0:compile (default-compile) @ activity-tracker ---
[INFO] Changes detected - recompiling the module! :source
[INFO] Compiling 71 source files with javac [debug release 17] to target\classes
[INFO] /C:/Users/karth/OneDrive/Gambar/karthik/project/backend/src/main/java/com/college/activitytracker/security/JwtTokenProvider.java: C:\Users\karth\OneDrive\Gambar\karthik\project\backend\src\main\java\com\college\activitytracker\security\JwtTokenProvider.java uses or overrides a deprecated API.
[INFO] /C:/Users/karth/OneDrive/Gambar/karthik/project/backend/src/main/java/com/college/activitytracker/security/JwtTokenProvider.java: Recompile with -Xlint:deprecation for details.
[INFO] -------------------------------------------------------------
[ERROR] COMPILATION ERROR : 
[INFO] -------------------------------------------------------------
[ERROR] /C:/Users/karth/OneDrive/Gambar/karthik/project/backend/src/main/java/com/college/activitytracker/controller/FacultyController.java:[9,43] cannot access com.college.activitytracker.service.ReportService
  bad source file: C:\Users\karth\OneDrive\Gambar\karthik\project\backend\src\main\java\com\college\activitytracker\service\ReportService.java
    file does not contain class com.college.activitytracker.service.ReportService
    Please remove or make sure it appears in the correct subdirectory of the sourcepath.
[ERROR] /C:/Users/karth/OneDrive/Gambar/karthik/project/backend/src/main/java/com/college/activitytracker/controller/FacultyController.java:[36,19] cannot find symbol
  symbol:   class ReportService
  location: class com.college.activitytracker.controller.FacultyController
[ERROR] /C:/Users/karth/OneDrive/Gambar/karthik/project/backend/src/main/java/com/college/activitytracker/service/CourseService.java:[27,52] cannot find symbol
  symbol:   method getCode()
  location: variable courseDTO of type com.college.activitytracker.dto.CourseDTO
[ERROR] /C:/Users/karth/OneDrive/Gambar/karthik/project/backend/src/main/java/com/college/activitytracker/service/CourseService.java:[28,71] cannot find symbol
  symbol:   method getCode()
  location: variable courseDTO of type com.college.activitytracker.dto.CourseDTO
[ERROR] /C:/Users/karth/OneDrive/Gambar/karthik/project/backend/src/main/java/com/college/activitytracker/service/CourseService.java:[33,15] cannot find symbol
  symbol:   method setCreatedAt(java.time.LocalDateTime)
  location: variable course of type com.college.activitytracker.model.Course
[ERROR] /C:/Users/karth/OneDrive/Gambar/karthik/project/backend/src/main/java/com/college/activitytracker/service/CourseService.java:[34,15] cannot find symbol
  symbol:   method setUpdatedAt(java.time.LocalDateTime)
  location: variable course of type com.college.activitytracker.model.Course
[ERROR] /C:/Users/karth/OneDrive/Gambar/karthik/project/backend/src/main/java/com/college/activitytracker/service/CourseService.java:[56,20] cannot find symbol
  symbol:   method getCode()
  location: variable course of type com.college.activitytracker.model.Course
[ERROR] /C:/Users/karth/OneDrive/Gambar/karthik/project/backend/src/main/java/com/college/activitytracker/service/CourseService.java:[56,47] cannot find symbol
  symbol:   method getCode()
  location: variable courseDTO of type com.college.activitytracker.dto.CourseDTO
[ERROR] /C:/Users/karth/OneDrive/Gambar/karthik/project/backend/src/main/java/com/college/activitytracker/service/CourseService.java:[57,56] cannot find symbol
  symbol:   method getCode()
  location: variable courseDTO of type com.college.activitytracker.dto.CourseDTO
[ERROR] /C:/Users/karth/OneDrive/Gambar/karthik/project/backend/src/main/java/com/college/activitytracker/service/CourseService.java:[58,71] cannot find symbol
  symbol:   method getCode()
  location: variable courseDTO of type com.college.activitytracker.dto.CourseDTO
[ERROR] /C:/Users/karth/OneDrive/Gambar/karthik/project/backend/src/main/java/com/college/activitytracker/service/CourseService.java:[62,15] cannot find symbol
  symbol:   method setUpdatedAt(java.time.LocalDateTime)
  location: variable course of type com.college.activitytracker.model.Course
[ERROR] /C:/Users/karth/OneDrive/Gambar/karthik/project/backend/src/main/java/com/college/activitytracker/service/CourseService.java:[91,27] cannot find symbol
  symbol:   method getCode()
  location: variable dto of type com.college.activitytracker.dto.CourseDTO
[ERROR] /C:/Users/karth/OneDrive/Gambar/karthik/project/backend/src/main/java/com/college/activitytracker/service/CourseService.java:[92,27] cannot find symbol
  symbol:   method getName()
  location: variable dto of type com.college.activitytracker.dto.CourseDTO
[ERROR] /C:/Users/karth/OneDrive/Gambar/karthik/project/backend/src/main/java/com/college/activitytracker/service/CourseService.java:[93,34] cannot find symbol
  symbol:   method getDescription()
  location: variable dto of type com.college.activitytracker.dto.CourseDTO
[ERROR] /C:/Users/karth/OneDrive/Gambar/karthik/project/backend/src/main/java/com/college/activitytracker/service/CourseService.java:[94,31] cannot find symbol
  symbol:   method getDuration()
  location: variable dto of type com.college.activitytracker.dto.CourseDTO
[ERROR] /C:/Users/karth/OneDrive/Gambar/karthik/project/backend/src/main/java/com/college/activitytracker/service/CourseService.java:[97,16] cannot find symbol
  symbol:   method getSemesters()
  location: variable dto of type com.college.activitytracker.dto.CourseDTO
[ERROR] /C:/Users/karth/OneDrive/Gambar/karthik/project/backend/src/main/java/com/college/activitytracker/service/CourseService.java:[98,50] cannot find symbol
  symbol:   method getSemesters()
  location: variable dto of type com.college.activitytracker.dto.CourseDTO
[ERROR] /C:/Users/karth/OneDrive/Gambar/karthik/project/backend/src/main/java/com/college/activitytracker/service/CourseService.java:[106,19] cannot find symbol
  symbol:   method setSemesters(java.util.List<com.college.activitytracker.model.Course.Semester>)
  location: variable entity of type com.college.activitytracker.model.Course
[ERROR] /C:/Users/karth/OneDrive/Gambar/karthik/project/backend/src/main/java/com/college/activitytracker/service/CourseService.java:[112,25] cannot find symbol
  symbol:   method getId()
  location: variable entity of type com.college.activitytracker.model.Course
[ERROR] /C:/Users/karth/OneDrive/Gambar/karthik/project/backend/src/main/java/com/college/activitytracker/service/CourseService.java:[113,27] cannot find symbol
  symbol:   method getCode()
  location: variable entity of type com.college.activitytracker.model.Course
[ERROR] /C:/Users/karth/OneDrive/Gambar/karthik/project/backend/src/main/java/com/college/activitytracker/service/CourseService.java:[114,27] cannot find symbol
  symbol:   method getName()
  location: variable entity of type com.college.activitytracker.model.Course
[ERROR] /C:/Users/karth/OneDrive/Gambar/karthik/project/backend/src/main/java/com/college/activitytracker/service/CourseService.java:[115,34] cannot find symbol
  symbol:   method getDescription()
  location: variable entity of type com.college.activitytracker.model.Course
[ERROR] /C:/Users/karth/OneDrive/Gambar/karthik/project/backend/src/main/java/com/college/activitytracker/service/CourseService.java:[116,31] cannot find symbol
  symbol:   method getDuration()
  location: variable entity of type com.college.activitytracker.model.Course
[ERROR] /C:/Users/karth/OneDrive/Gambar/karthik/project/backend/src/main/java/com/college/activitytracker/service/CourseService.java:[119,19] cannot find symbol
  symbol:   method getSemesters()
  location: variable entity of type com.college.activitytracker.model.Course
[ERROR] /C:/Users/karth/OneDrive/Gambar/karthik/project/backend/src/main/java/com/college/activitytracker/service/CourseService.java:[120,62] cannot find symbol
  symbol:   method getSemesters()
  location: variable entity of type com.college.activitytracker.model.Course
[ERROR] /C:/Users/karth/OneDrive/Gambar/karthik/project/backend/src/main/java/com/college/activitytracker/service/CourseService.java:[128,16] cannot find symbol
  symbol:   method setSemesters(java.util.List<com.college.activitytracker.dto.CourseDTO.SemesterDTO>)
  location: variable dto of type com.college.activitytracker.dto.CourseDTO
[ERROR] /C:/Users/karth/OneDrive/Gambar/karthik/project/backend/src/main/java/com/college/activitytracker/service/AttendanceService.java:[34,39] cannot find symbol
  symbol:   method getStudentId()
  location: variable dto of type com.college.activitytracker.dto.AttendanceDTO
[ERROR] /C:/Users/karth/OneDrive/Gambar/karthik/project/backend/src/main/java/com/college/activitytracker/service/AttendanceService.java:[36,39] cannot find symbol
  symbol:   method getSubjectId()
  location: variable dto of type com.college.activitytracker.dto.AttendanceDTO
[ERROR] /C:/Users/karth/OneDrive/Gambar/karthik/project/backend/src/main/java/com/college/activitytracker/service/AttendanceService.java:[38,39] cannot find symbol
  symbol:   method getFacultyId()
  location: variable dto of type com.college.activitytracker.dto.AttendanceDTO
[ERROR] /C:/Users/karth/OneDrive/Gambar/karthik/project/backend/src/main/java/com/college/activitytracker/service/AttendanceService.java:[42,38] cannot find symbol
  symbol:   method getFacultyId()
  location: variable dto of type com.college.activitytracker.dto.AttendanceDTO
[ERROR] /C:/Users/karth/OneDrive/Gambar/karthik/project/backend/src/main/java/com/college/activitytracker/service/AttendanceService.java:[42,58] cannot find symbol
  symbol:   method getSubjectId()
  location: variable dto of type com.college.activitytracker.dto.AttendanceDTO
[ERROR] /C:/Users/karth/OneDrive/Gambar/karthik/project/backend/src/main/java/com/college/activitytracker/service/AttendanceService.java:[42,78] cannot find symbol
  symbol:   method getCourseId()
  location: variable dto of type com.college.activitytracker.dto.AttendanceDTO
[ERROR] /C:/Users/karth/OneDrive/Gambar/karthik/project/backend/src/main/java/com/college/activitytracker/service/AttendanceService.java:[43,38] cannot find symbol
  symbol:   method getYear()
  location: variable dto of type com.college.activitytracker.dto.AttendanceDTO
[ERROR] /C:/Users/karth/OneDrive/Gambar/karthik/project/backend/src/main/java/com/college/activitytracker/service/AttendanceService.java:[43,53] cannot find symbol
  symbol:   method getSection()
  location: variable dto of type com.college.activitytracker.dto.AttendanceDTO
[ERROR] /C:/Users/karth/OneDrive/Gambar/karthik/project/backend/src/main/java/com/college/activitytracker/service/AttendanceService.java:[46,56] cannot find symbol
  symbol:   method getStudentId()
  location: variable dto of type com.college.activitytracker.dto.AttendanceDTO
[ERROR] /C:/Users/karth/OneDrive/Gambar/karthik/project/backend/src/main/java/com/college/activitytracker/service/AttendanceService.java:[46,76] cannot find symbol
  symbol:   method getSubjectId()
  location: variable dto of type com.college.activitytracker.dto.AttendanceDTO
[ERROR] /C:/Users/karth/OneDrive/Gambar/karthik/project/backend/src/main/java/com/college/activitytracker/service/AttendanceService.java:[46,96] cannot find symbol
  symbol:   method getDate()
  location: variable dto of type com.college.activitytracker.dto.AttendanceDTO
[ERROR] /C:/Users/karth/OneDrive/Gambar/karthik/project/backend/src/main/java/com/college/activitytracker/service/AttendanceService.java:[50,23] cannot find symbol
  symbol:   method getId()
  location: variable attendance of type com.college.activitytracker.model.Attendance
[ERROR] /C:/Users/karth/OneDrive/Gambar/karthik/project/backend/src/main/java/com/college/activitytracker/service/AttendanceService.java:[51,23] cannot find symbol
  symbol:   method setCreatedAt(java.time.LocalDateTime)
  location: variable attendance of type com.college.activitytracker.model.Attendance
[ERROR] /C:/Users/karth/OneDrive/Gambar/karthik/project/backend/src/main/java/com/college/activitytracker/service/AttendanceService.java:[53,19] cannot find symbol
  symbol:   method setUpdatedAt(java.time.LocalDateTime)
  location: variable attendance of type com.college.activitytracker.model.Attendance
[ERROR] /C:/Users/karth/OneDrive/Gambar/karthik/project/backend/src/main/java/com/college/activitytracker/service/AttendanceService.java:[96,38] cannot find symbol
  symbol:   method getFacultyId()
  location: variable dto of type com.college.activitytracker.dto.AttendanceDTO
[ERROR] /C:/Users/karth/OneDrive/Gambar/karthik/project/backend/src/main/java/com/college/activitytracker/service/AttendanceService.java:[96,58] cannot find symbol
  symbol:   method getSubjectId()
  location: variable dto of type com.college.activitytracker.dto.AttendanceDTO
[ERROR] /C:/Users/karth/OneDrive/Gambar/karthik/project/backend/src/main/java/com/college/activitytracker/service/AttendanceService.java:[96,78] cannot find symbol
  symbol:   method getCourseId()
  location: variable dto of type com.college.activitytracker.dto.AttendanceDTO
[ERROR] /C:/Users/karth/OneDrive/Gambar/karthik/project/backend/src/main/java/com/college/activitytracker/service/AttendanceService.java:[97,38] cannot find symbol
  symbol:   method getYear()
  location: variable dto of type com.college.activitytracker.dto.AttendanceDTO
[ERROR] /C:/Users/karth/OneDrive/Gambar/karthik/project/backend/src/main/java/com/college/activitytracker/service/AttendanceService.java:[97,53] cannot find symbol
  symbol:   method getSection()
  location: variable dto of type com.college.activitytracker.dto.AttendanceDTO
[ERROR] /C:/Users/karth/OneDrive/Gambar/karthik/project/backend/src/main/java/com/college/activitytracker/service/AttendanceService.java:[100,19] cannot find symbol
  symbol:   method setUpdatedAt(java.time.LocalDateTime)
  location: variable attendance of type com.college.activitytracker.model.Attendance
[ERROR] /C:/Users/karth/OneDrive/Gambar/karthik/project/backend/src/main/java/com/college/activitytracker/service/AttendanceService.java:[120,48] cannot find symbol
  symbol:   method getStatus()
  location: variable a of type com.college.activitytracker.model.Attendance
[ERROR] /C:/Users/karth/OneDrive/Gambar/karthik/project/backend/src/main/java/com/college/activitytracker/service/AttendanceService.java:[127,32] cannot find symbol
  symbol:   method getStudentId()
  location: variable dto of type com.college.activitytracker.dto.AttendanceDTO
[ERROR] /C:/Users/karth/OneDrive/Gambar/karthik/project/backend/src/main/java/com/college/activitytracker/service/AttendanceService.java:[128,32] cannot find symbol
  symbol:   method getSubjectId()
  location: variable dto of type com.college.activitytracker.dto.AttendanceDTO
[ERROR] /C:/Users/karth/OneDrive/Gambar/karthik/project/backend/src/main/java/com/college/activitytracker/service/AttendanceService.java:[129,32] cannot find symbol
  symbol:   method getFacultyId()
  location: variable dto of type com.college.activitytracker.dto.AttendanceDTO
[ERROR] /C:/Users/karth/OneDrive/Gambar/karthik/project/backend/src/main/java/com/college/activitytracker/service/AttendanceService.java:[130,31] cannot find symbol
  symbol:   method getCourseId()
  location: variable dto of type com.college.activitytracker.dto.AttendanceDTO
[ERROR] /C:/Users/karth/OneDrive/Gambar/karthik/project/backend/src/main/java/com/college/activitytracker/service/AttendanceService.java:[131,27] cannot find symbol
  symbol:   method getYear()
  location: variable dto of type com.college.activitytracker.dto.AttendanceDTO
[ERROR] /C:/Users/karth/OneDrive/Gambar/karthik/project/backend/src/main/java/com/college/activitytracker/service/AttendanceService.java:[132,30] cannot find symbol
  symbol:   method getSection()
  location: variable dto of type com.college.activitytracker.dto.AttendanceDTO
[ERROR] /C:/Users/karth/OneDrive/Gambar/karthik/project/backend/src/main/java/com/college/activitytracker/service/AttendanceService.java:[133,27] cannot find symbol
  symbol:   method getDate()
  location: variable dto of type com.college.activitytracker.dto.AttendanceDTO
[ERROR] /C:/Users/karth/OneDrive/Gambar/karthik/project/backend/src/main/java/com/college/activitytracker/service/AttendanceService.java:[134,29] cannot find symbol
  symbol:   method getStatus()
  location: variable dto of type com.college.activitytracker.dto.AttendanceDTO
[ERROR] /C:/Users/karth/OneDrive/Gambar/karthik/project/backend/src/main/java/com/college/activitytracker/service/AttendanceService.java:[135,30] cannot find symbol
  symbol:   method getRemarks()
  location: variable dto of type com.college.activitytracker.dto.AttendanceDTO
[ERROR] /C:/Users/karth/OneDrive/Gambar/karthik/project/backend/src/main/java/com/college/activitytracker/service/AttendanceService.java:[136,32] cannot find symbol
  symbol:   method getCreatedBy()
  location: variable dto of type com.college.activitytracker.dto.AttendanceDTO
[ERROR] /C:/Users/karth/OneDrive/Gambar/karthik/project/backend/src/main/java/com/college/activitytracker/service/AttendanceService.java:[141,25] cannot find symbol
  symbol:   method getId()
  location: variable entity of type com.college.activitytracker.model.Attendance
[ERROR] /C:/Users/karth/OneDrive/Gambar/karthik/project/backend/src/main/java/com/college/activitytracker/service/AttendanceService.java:[142,32] cannot find symbol
  symbol:   method getStudentId()
  location: variable entity of type com.college.activitytracker.model.Attendance
[ERROR] /C:/Users/karth/OneDrive/Gambar/karthik/project/backend/src/main/java/com/college/activitytracker/service/AttendanceService.java:[143,32] cannot find symbol
  symbol:   method getSubjectId()
  location: variable entity of type com.college.activitytracker.model.Attendance
[ERROR] /C:/Users/karth/OneDrive/Gambar/karthik/project/backend/src/main/java/com/college/activitytracker/service/AttendanceService.java:[144,32] cannot find symbol
  symbol:   method getFacultyId()
  location: variable entity of type com.college.activitytracker.model.Attendance
[ERROR] /C:/Users/karth/OneDrive/Gambar/karthik/project/backend/src/main/java/com/college/activitytracker/service/AttendanceService.java:[145,31] cannot find symbol
  symbol:   method getCourseId()
  location: variable entity of type com.college.activitytracker.model.Attendance
[ERROR] /C:/Users/karth/OneDrive/Gambar/karthik/project/backend/src/main/java/com/college/activitytracker/service/AttendanceService.java:[146,27] cannot find symbol
  symbol:   method getYear()
  location: variable entity of type com.college.activitytracker.model.Attendance
[ERROR] /C:/Users/karth/OneDrive/Gambar/karthik/project/backend/src/main/java/com/college/activitytracker/service/AttendanceService.java:[147,30] cannot find symbol
  symbol:   method getSection()
  location: variable entity of type com.college.activitytracker.model.Attendance
[ERROR] /C:/Users/karth/OneDrive/Gambar/karthik/project/backend/src/main/java/com/college/activitytracker/service/AttendanceService.java:[148,27] cannot find symbol
  symbol:   method getDate()
  location: variable entity of type com.college.activitytracker.model.Attendance
[ERROR] /C:/Users/karth/OneDrive/Gambar/karthik/project/backend/src/main/java/com/college/activitytracker/service/AttendanceService.java:[149,29] cannot find symbol
  symbol:   method getStatus()
  location: variable entity of type com.college.activitytracker.model.Attendance
[ERROR] /C:/Users/karth/OneDrive/Gambar/karthik/project/backend/src/main/java/com/college/activitytracker/service/AttendanceService.java:[150,30] cannot find symbol
  symbol:   method getRemarks()
  location: variable entity of type com.college.activitytracker.model.Attendance
[ERROR] /C:/Users/karth/OneDrive/Gambar/karthik/project/backend/src/main/java/com/college/activitytracker/service/AttendanceService.java:[151,32] cannot find symbol
  symbol:   method getCreatedAt()
  location: variable entity of type com.college.activitytracker.model.Attendance
[ERROR] /C:/Users/karth/OneDrive/Gambar/karthik/project/backend/src/main/java/com/college/activitytracker/service/AttendanceService.java:[152,32] cannot find symbol
  symbol:   method getUpdatedAt()
  location: variable entity of type com.college.activitytracker.model.Attendance
[ERROR] /C:/Users/karth/OneDrive/Gambar/karthik/project/backend/src/main/java/com/college/activitytracker/service/AttendanceService.java:[153,32] cannot find symbol
  symbol:   method getCreatedBy()
  location: variable entity of type com.college.activitytracker.model.Attendance
[ERROR] /C:/Users/karth/OneDrive/Gambar/karthik/project/backend/src/main/java/com/college/activitytracker/service/AttendanceService.java:[155,42] cannot find symbol
  symbol:   method getStudentId()
  location: variable entity of type com.college.activitytracker.model.Attendance
[ERROR] /C:/Users/karth/OneDrive/Gambar/karthik/project/backend/src/main/java/com/college/activitytracker/service/AttendanceService.java:[157,42] cannot find symbol
  symbol:   method getSubjectId()
  location: variable entity of type com.college.activitytracker.model.Attendance
[ERROR] /C:/Users/karth/OneDrive/Gambar/karthik/project/backend/src/main/java/com/college/activitytracker/service/AttendanceService.java:[159,42] cannot find symbol
  symbol:   method getFacultyId()
  location: variable entity of type com.college.activitytracker.model.Attendance
[ERROR] /C:/Users/karth/OneDrive/Gambar/karthik/project/backend/src/main/java/com/college/activitytracker/service/AttendanceService.java:[180,48] cannot find symbol
  symbol:   method getStatus()
  location: variable a of type com.college.activitytracker.model.Attendance
[ERROR] /C:/Users/karth/OneDrive/Gambar/karthik/project/backend/src/main/java/com/college/activitytracker/service/AttendanceService.java:[186,65] invalid method reference
  cannot find symbol
    symbol:   method getSubjectId()
    location: class com.college.activitytracker.model.Attendance
[ERROR] /C:/Users/karth/OneDrive/Gambar/karthik/project/backend/src/main/java/com/college/activitytracker/service/AttendanceService.java:[197,52] cannot find symbol
  symbol:   method getStatus()
  location: variable a of type com.college.activitytracker.model.Attendance
[ERROR] /C:/Users/karth/OneDrive/Gambar/karthik/project/backend/src/main/java/com/college/activitytracker/service/AttendanceService.java:[207,32] cannot find symbol
  symbol:   method getName()
  location: variable s of type com.college.activitytracker.model.Subject
[ERROR] /C:/Users/karth/OneDrive/Gambar/karthik/project/backend/src/main/java/com/college/activitytracker/service/AttendanceService.java:[208,28] incompatible types: java.lang.Object cannot be converted to java.lang.String
[ERROR] /C:/Users/karth/OneDrive/Gambar/karthik/project/backend/src/main/java/com/college/activitytracker/service/AttendanceService.java:[234,46] cannot find symbol
  symbol:   method getIsActive()
  location: variable allocation of type com.college.activitytracker.model.ClassAllocation
[ERROR] /C:/Users/karth/OneDrive/Gambar/karthik/project/backend/src/main/java/com/college/activitytracker/service/AttendanceService.java:[234,82] cannot find symbol
  symbol:   method getIsActive()
  location: variable allocation of type com.college.activitytracker.model.ClassAllocation
[ERROR] /C:/Users/karth/OneDrive/Gambar/karthik/project/backend/src/main/java/com/college/activitytracker/service/AttendanceService.java:[235,24] incompatible types: java.lang.Object cannot be converted to boolean
[ERROR] /C:/Users/karth/OneDrive/Gambar/karthik/project/backend/src/main/java/com/college/activitytracker/controller/FacultyController.java:[43,22] cannot find symbol
  symbol:   method setCreatedBy(java.lang.String)
  location: variable attendanceDTO of type @jakarta.validation.Valid com.college.activitytracker.dto.AttendanceDTO
[ERROR] /C:/Users/karth/OneDrive/Gambar/karthik/project/backend/src/main/java/com/college/activitytracker/controller/FacultyController.java:[53,42] cannot find symbol
  symbol:   method setCreatedBy(java.lang.String)
  location: variable dto of type com.college.activitytracker.dto.AttendanceDTO
[ERROR] /C:/Users/karth/OneDrive/Gambar/karthik/project/backend/src/main/java/com/college/activitytracker/controller/FacultyController.java:[81,23] cannot find symbol
  symbol:   method setCreatedBy(java.lang.String)
  location: variable performanceDTO of type @jakarta.validation.Valid com.college.activitytracker.dto.PerformanceDTO
[ERROR] /C:/Users/karth/OneDrive/Gambar/karthik/project/backend/src/main/java/com/college/activitytracker/service/PerformanceService.java:[33,39] cannot find symbol
  symbol:   method getStudentId()
  location: variable dto of type com.college.activitytracker.dto.PerformanceDTO
[ERROR] /C:/Users/karth/OneDrive/Gambar/karthik/project/backend/src/main/java/com/college/activitytracker/service/PerformanceService.java:[35,39] cannot find symbol
  symbol:   method getSubjectId()
  location: variable dto of type com.college.activitytracker.dto.PerformanceDTO
[ERROR] /C:/Users/karth/OneDrive/Gambar/karthik/project/backend/src/main/java/com/college/activitytracker/service/PerformanceService.java:[37,39] cannot find symbol
  symbol:   method getFacultyId()
  location: variable dto of type com.college.activitytracker.dto.PerformanceDTO
[ERROR] /C:/Users/karth/OneDrive/Gambar/karthik/project/backend/src/main/java/com/college/activitytracker/service/PerformanceService.java:[41,38] cannot find symbol
  symbol:   method getFacultyId()
  location: variable dto of type com.college.activitytracker.dto.PerformanceDTO
[ERROR] /C:/Users/karth/OneDrive/Gambar/karthik/project/backend/src/main/java/com/college/activitytracker/service/PerformanceService.java:[41,58] cannot find symbol
  symbol:   method getSubjectId()
  location: variable dto of type com.college.activitytracker.dto.PerformanceDTO
[ERROR] /C:/Users/karth/OneDrive/Gambar/karthik/project/backend/src/main/java/com/college/activitytracker/service/PerformanceService.java:[41,78] cannot find symbol
  symbol:   method getCourseId()
  location: variable dto of type com.college.activitytracker.dto.PerformanceDTO
[ERROR] /C:/Users/karth/OneDrive/Gambar/karthik/project/backend/src/main/java/com/college/activitytracker/service/PerformanceService.java:[42,38] cannot find symbol
  symbol:   method getYear()
  location: variable dto of type com.college.activitytracker.dto.PerformanceDTO
[ERROR] /C:/Users/karth/OneDrive/Gambar/karthik/project/backend/src/main/java/com/college/activitytracker/service/PerformanceService.java:[42,53] cannot find symbol
  symbol:   method getSection()
  location: variable dto of type com.college.activitytracker.dto.PerformanceDTO
[ERROR] /C:/Users/karth/OneDrive/Gambar/karthik/project/backend/src/main/java/com/college/activitytracker/service/PerformanceService.java:[46,20] cannot find symbol
  symbol:   method setCreatedAt(java.time.LocalDateTime)
  location: variable performance of type com.college.activitytracker.model.Performance
[ERROR] /C:/Users/karth/OneDrive/Gambar/karthik/project/backend/src/main/java/com/college/activitytracker/service/PerformanceService.java:[47,20] cannot find symbol
  symbol:   method setUpdatedAt(java.time.LocalDateTime)
  location: variable performance of type com.college.activitytracker.model.Performance
[ERROR] /C:/Users/karth/OneDrive/Gambar/karthik/project/backend/src/main/java/com/college/activitytracker/service/PerformanceService.java:[79,38] cannot find symbol
  symbol:   method getFacultyId()
  location: variable dto of type com.college.activitytracker.dto.PerformanceDTO
[ERROR] /C:/Users/karth/OneDrive/Gambar/karthik/project/backend/src/main/java/com/college/activitytracker/service/PerformanceService.java:[79,58] cannot find symbol
  symbol:   method getSubjectId()
  location: variable dto of type com.college.activitytracker.dto.PerformanceDTO
[ERROR] /C:/Users/karth/OneDrive/Gambar/karthik/project/backend/src/main/java/com/college/activitytracker/service/PerformanceService.java:[79,78] cannot find symbol
  symbol:   method getCourseId()
  location: variable dto of type com.college.activitytracker.dto.PerformanceDTO
[ERROR] /C:/Users/karth/OneDrive/Gambar/karthik/project/backend/src/main/java/com/college/activitytracker/service/PerformanceService.java:[80,38] cannot find symbol
  symbol:   method getYear()
  location: variable dto of type com.college.activitytracker.dto.PerformanceDTO
[ERROR] /C:/Users/karth/OneDrive/Gambar/karthik/project/backend/src/main/java/com/college/activitytracker/service/PerformanceService.java:[80,53] cannot find symbol
  symbol:   method getSection()
  location: variable dto of type com.college.activitytracker.dto.PerformanceDTO
[ERROR] /C:/Users/karth/OneDrive/Gambar/karthik/project/backend/src/main/java/com/college/activitytracker/service/PerformanceService.java:[83,20] cannot find symbol
  symbol:   method setUpdatedAt(java.time.LocalDateTime)
  location: variable performance of type com.college.activitytracker.model.Performance
[INFO] 100 errors 
[INFO] -------------------------------------------------------------
[INFO] ------------------------------------------------------------------------
[INFO] BUILD FAILURE
[INFO] ------------------------------------------------------------------------
[INFO] Total time:  3.504 s
[INFO] Finished at: 2026-03-04T02:13:31+05:30
[INFO] ------------------------------------------------------------------------
[ERROR] Failed to execute goal org.apache.maven.plugins:maven-compiler-plugin:3.11.0:compile (default-compile) on project activity-tracker: Compilation failure: Compilation failure: 
[ERROR] /C:/Users/karth/OneDrive/Gambar/karthik/project/backend/src/main/java/com/college/activitytracker/controller/FacultyController.java:[9,43] cannot access com.college.activitytracker.service.ReportService
[ERROR]   bad source file: C:\Users\karth\OneDrive\Gambar\karthik\project\backend\src\main\java\com\college\activitytracker\service\ReportService.java
[ERROR]     file does not contain class com.college.activitytracker.service.ReportService
[ERROR]     Please remove or make sure it appears in the correct subdirectory of the sourcepath.
[ERROR] /C:/Users/karth/OneDrive/Gambar/karthik/project/backend/src/main/java/com/college/activitytracker/controller/FacultyController.java:[36,19] cannot find symbol
[ERROR]   symbol:   class ReportService
[ERROR]   location: class com.college.activitytracker.controller.FacultyController
[ERROR] /C:/Users/karth/OneDrive/Gambar/karthik/project/backend/src/main/java/com/college/activitytracker/service/CourseService.java:[27,52] cannot find symbol
[ERROR]   symbol:   method getCode()
[ERROR]   location: variable courseDTO of type com.college.activitytracker.dto.CourseDTO
[ERROR] /C:/Users/karth/OneDrive/Gambar/karthik/project/backend/src/main/java/com/college/activitytracker/service/CourseService.java:[28,71] cannot find symbol
[ERROR]   symbol:   method getCode()
[ERROR]   location: variable courseDTO of type com.college.activitytracker.dto.CourseDTO
[ERROR] /C:/Users/karth/OneDrive/Gambar/karthik/project/backend/src/main/java/com/college/activitytracker/service/CourseService.java:[33,15] cannot find symbol
[ERROR]   symbol:   method setCreatedAt(java.time.LocalDateTime)
[ERROR]   location: variable course of type com.college.activitytracker.model.Course
[ERROR] /C:/Users/karth/OneDrive/Gambar/karthik/project/backend/src/main/java/com/college/activitytracker/service/CourseService.java:[34,15] cannot find symbol
[ERROR]   symbol:   method setUpdatedAt(java.time.LocalDateTime)
[ERROR]   location: variable course of type com.college.activitytracker.model.Course
[ERROR] /C:/Users/karth/OneDrive/Gambar/karthik/project/backend/src/main/java/com/college/activitytracker/service/CourseService.java:[56,20] cannot find symbol
[ERROR]   symbol:   method getCode()
[ERROR]   location: variable course of type com.college.activitytracker.model.Course
[ERROR] /C:/Users/karth/OneDrive/Gambar/karthik/project/backend/src/main/java/com/college/activitytracker/service/CourseService.java:[56,47] cannot find symbol
[ERROR]   symbol:   method getCode()
[ERROR]   location: variable courseDTO of type com.college.activitytracker.dto.CourseDTO
[ERROR] /C:/Users/karth/OneDrive/Gambar/karthik/project/backend/src/main/java/com/college/activitytracker/service/CourseService.java:[57,56] cannot find symbol
[ERROR]   symbol:   method getCode()
[ERROR]   location: variable courseDTO of type com.college.activitytracker.dto.CourseDTO
[ERROR] /C:/Users/karth/OneDrive/Gambar/karthik/project/backend/src/main/java/com/college/activitytracker/service/CourseService.java:[58,71] cannot find symbol
[ERROR]   symbol:   method getCode()
[ERROR]   location: variable courseDTO of type com.college.activitytracker.dto.CourseDTO
[ERROR] /C:/Users/karth/OneDrive/Gambar/karthik/project/backend/src/main/java/com/college/activitytracker/service/CourseService.java:[62,15] cannot find symbol
[ERROR]   symbol:   method setUpdatedAt(java.time.LocalDateTime)
[ERROR]   location: variable course of type com.college.activitytracker.model.Course
[ERROR] /C:/Users/karth/OneDrive/Gambar/karthik/project/backend/src/main/java/com/college/activitytracker/service/CourseService.java:[91,27] cannot find symbol
[ERROR]   symbol:   method getCode()
[ERROR]   location: variable dto of type com.college.activitytracker.dto.CourseDTO
[ERROR] /C:/Users/karth/OneDrive/Gambar/karthik/project/backend/src/main/java/com/college/activitytracker/service/CourseService.java:[92,27] cannot find symbol
[ERROR]   symbol:   method getName()
[ERROR]   location: variable dto of type com.college.activitytracker.dto.CourseDTO
[ERROR] /C:/Users/karth/OneDrive/Gambar/karthik/project/backend/src/main/java/com/college/activitytracker/service/CourseService.java:[93,34] cannot find symbol
[ERROR]   symbol:   method getDescription()
[ERROR]   location: variable dto of type com.college.activitytracker.dto.CourseDTO
[ERROR] /C:/Users/karth/OneDrive/Gambar/karthik/project/backend/src/main/java/com/college/activitytracker/service/CourseService.java:[94,31] cannot find symbol
[ERROR]   symbol:   method getDuration()
[ERROR]   location: variable dto of type com.college.activitytracker.dto.CourseDTO
[ERROR] /C:/Users/karth/OneDrive/Gambar/karthik/project/backend/src/main/java/com/college/activitytracker/service/CourseService.java:[97,16] cannot find symbol
[ERROR]   symbol:   method getSemesters()
[ERROR]   location: variable dto of type com.college.activitytracker.dto.CourseDTO
[ERROR] /C:/Users/karth/OneDrive/Gambar/karthik/project/backend/src/main/java/com/college/activitytracker/service/CourseService.java:[98,50] cannot find symbol
[ERROR]   symbol:   method getSemesters()
[ERROR]   location: variable dto of type com.college.activitytracker.dto.CourseDTO
[ERROR] /C:/Users/karth/OneDrive/Gambar/karthik/project/backend/src/main/java/com/college/activitytracker/service/CourseService.java:[106,19] cannot find symbol
[ERROR]   symbol:   method setSemesters(java.util.List<com.college.activitytracker.model.Course.Semester>)
[ERROR]   location: variable entity of type com.college.activitytracker.model.Course
[ERROR] /C:/Users/karth/OneDrive/Gambar/karthik/project/backend/src/main/java/com/college/activitytracker/service/CourseService.java:[112,25] cannot find symbol
[ERROR]   symbol:   method getId()
[ERROR]   location: variable entity of type com.college.activitytracker.model.Course
[ERROR] /C:/Users/karth/OneDrive/Gambar/karthik/project/backend/src/main/java/com/college/activitytracker/service/CourseService.java:[113,27] cannot find symbol
[ERROR]   symbol:   method getCode()
[ERROR]   location: variable entity of type com.college.activitytracker.model.Course
[ERROR] /C:/Users/karth/OneDrive/Gambar/karthik/project/backend/src/main/java/com/college/activitytracker/service/CourseService.java:[114,27] cannot find symbol
[ERROR]   symbol:   method getName()
[ERROR]   location: variable entity of type com.college.activitytracker.model.Course
[ERROR] /C:/Users/karth/OneDrive/Gambar/karthik/project/backend/src/main/java/com/college/activitytracker/service/CourseService.java:[115,34] cannot find symbol
[ERROR]   symbol:   method getDescription()
[ERROR]   location: variable entity of type com.college.activitytracker.model.Course
[ERROR] /C:/Users/karth/OneDrive/Gambar/karthik/project/backend/src/main/java/com/college/activitytracker/service/CourseService.java:[116,31] cannot find symbol
[ERROR]   symbol:   method getDuration()
[ERROR]   location: variable entity of type com.college.activitytracker.model.Course
[ERROR] /C:/Users/karth/OneDrive/Gambar/karthik/project/backend/src/main/java/com/college/activitytracker/service/CourseService.java:[119,19] cannot find symbol
[ERROR]   symbol:   method getSemesters()
[ERROR]   location: variable entity of type com.college.activitytracker.model.Course
[ERROR] /C:/Users/karth/OneDrive/Gambar/karthik/project/backend/src/main/java/com/college/activitytracker/service/CourseService.java:[120,62] cannot find symbol
[ERROR]   symbol:   method getSemesters()
[ERROR]   location: variable entity of type com.college.activitytracker.model.Course
[ERROR] /C:/Users/karth/OneDrive/Gambar/karthik/project/backend/src/main/java/com/college/activitytracker/service/CourseService.java:[128,16] cannot find symbol
[ERROR]   symbol:   method setSemesters(java.util.List<com.college.activitytracker.dto.CourseDTO.SemesterDTO>)
[ERROR]   location: variable dto of type com.college.activitytracker.dto.CourseDTO
[ERROR] /C:/Users/karth/OneDrive/Gambar/karthik/project/backend/src/main/java/com/college/activitytracker/service/AttendanceService.java:[34,39] cannot find symbol
[ERROR]   symbol:   method getStudentId()
[ERROR]   location: variable dto of type com.college.activitytracker.dto.AttendanceDTO
[ERROR] /C:/Users/karth/OneDrive/Gambar/karthik/project/backend/src/main/java/com/college/activitytracker/service/AttendanceService.java:[36,39] cannot find symbol
[ERROR]   symbol:   method getSubjectId()
[ERROR]   location: variable dto of type com.college.activitytracker.dto.AttendanceDTO
[ERROR] /C:/Users/karth/OneDrive/Gambar/karthik/project/backend/src/main/java/com/college/activitytracker/service/AttendanceService.java:[38,39] cannot find symbol
[ERROR]   symbol:   method getFacultyId()
[ERROR]   location: variable dto of type com.college.activitytracker.dto.AttendanceDTO
[ERROR] /C:/Users/karth/OneDrive/Gambar/karthik/project/backend/src/main/java/com/college/activitytracker/service/AttendanceService.java:[42,38] cannot find symbol
[ERROR]   symbol:   method getFacultyId()
[ERROR]   location: variable dto of type com.college.activitytracker.dto.AttendanceDTO
[ERROR] /C:/Users/karth/OneDrive/Gambar/karthik/project/backend/src/main/java/com/college/activitytracker/service/AttendanceService.java:[42,58] cannot find symbol
[ERROR]   symbol:   method getSubjectId()
[ERROR]   location: variable dto of type com.college.activitytracker.dto.AttendanceDTO
[ERROR] /C:/Users/karth/OneDrive/Gambar/karthik/project/backend/src/main/java/com/college/activitytracker/service/AttendanceService.java:[42,78] cannot find symbol
[ERROR]   symbol:   method getCourseId()
[ERROR]   location: variable dto of type com.college.activitytracker.dto.AttendanceDTO
[ERROR] /C:/Users/karth/OneDrive/Gambar/karthik/project/backend/src/main/java/com/college/activitytracker/service/AttendanceService.java:[43,38] cannot find symbol
[ERROR]   symbol:   method getYear()
[ERROR]   location: variable dto of type com.college.activitytracker.dto.AttendanceDTO
[ERROR] /C:/Users/karth/OneDrive/Gambar/karthik/project/backend/src/main/java/com/college/activitytracker/service/AttendanceService.java:[43,53] cannot find symbol
[ERROR]   symbol:   method getSection()
[ERROR]   location: variable dto of type com.college.activitytracker.dto.AttendanceDTO
[ERROR] /C:/Users/karth/OneDrive/Gambar/karthik/project/backend/src/main/java/com/college/activitytracker/service/AttendanceService.java:[46,56] cannot find symbol
[ERROR]   symbol:   method getStudentId()
[ERROR]   location: variable dto of type com.college.activitytracker.dto.AttendanceDTO
[ERROR] /C:/Users/karth/OneDrive/Gambar/karthik/project/backend/src/main/java/com/college/activitytracker/service/AttendanceService.java:[46,76] cannot find symbol
[ERROR]   symbol:   method getSubjectId()
[ERROR]   location: variable dto of type com.college.activitytracker.dto.AttendanceDTO
[ERROR] /C:/Users/karth/OneDrive/Gambar/karthik/project/backend/src/main/java/com/college/activitytracker/service/AttendanceService.java:[46,96] cannot find symbol
[ERROR]   symbol:   method getDate()
[ERROR]   location: variable dto of type com.college.activitytracker.dto.AttendanceDTO
[ERROR] /C:/Users/karth/OneDrive/Gambar/karthik/project/backend/src/main/java/com/college/activitytracker/service/AttendanceService.java:[50,23] cannot find symbol
[ERROR]   symbol:   method getId()
[ERROR]   location: variable attendance of type com.college.activitytracker.model.Attendance
[ERROR] /C:/Users/karth/OneDrive/Gambar/karthik/project/backend/src/main/java/com/college/activitytracker/service/AttendanceService.java:[51,23] cannot find symbol
[ERROR]   symbol:   method setCreatedAt(java.time.LocalDateTime)
[ERROR]   location: variable attendance of type com.college.activitytracker.model.Attendance
[ERROR] /C:/Users/karth/OneDrive/Gambar/karthik/project/backend/src/main/java/com/college/activitytracker/service/AttendanceService.java:[53,19] cannot find symbol
[ERROR]   symbol:   method setUpdatedAt(java.time.LocalDateTime)
[ERROR]   location: variable attendance of type com.college.activitytracker.model.Attendance
[ERROR] /C:/Users/karth/OneDrive/Gambar/karthik/project/backend/src/main/java/com/college/activitytracker/service/AttendanceService.java:[96,38] cannot find symbol
[ERROR]   symbol:   method getFacultyId()
[ERROR]   location: variable dto of type com.college.activitytracker.dto.AttendanceDTO
[ERROR] /C:/Users/karth/OneDrive/Gambar/karthik/project/backend/src/main/java/com/college/activitytracker/service/AttendanceService.java:[96,58] cannot find symbol
[ERROR]   symbol:   method getSubjectId()
[ERROR]   location: variable dto of type com.college.activitytracker.dto.AttendanceDTO
[ERROR] /C:/Users/karth/OneDrive/Gambar/karthik/project/backend/src/main/java/com/college/activitytracker/service/AttendanceService.java:[96,78] cannot find symbol
[ERROR]   symbol:   method getCourseId()
[ERROR]   location: variable dto of type com.college.activitytracker.dto.AttendanceDTO
[ERROR] /C:/Users/karth/OneDrive/Gambar/karthik/project/backend/src/main/java/com/college/activitytracker/service/AttendanceService.java:[97,38] cannot find symbol
[ERROR]   symbol:   method getYear()
[ERROR]   location: variable dto of type com.college.activitytracker.dto.AttendanceDTO
[ERROR] /C:/Users/karth/OneDrive/Gambar/karthik/project/backend/src/main/java/com/college/activitytracker/service/AttendanceService.java:[97,53] cannot find symbol
[ERROR]   symbol:   method getSection()
[ERROR]   location: variable dto of type com.college.activitytracker.dto.AttendanceDTO
[ERROR] /C:/Users/karth/OneDrive/Gambar/karthik/project/backend/src/main/java/com/college/activitytracker/service/AttendanceService.java:[100,19] cannot find symbol
[ERROR]   symbol:   method setUpdatedAt(java.time.LocalDateTime)
[ERROR]   location: variable attendance of type com.college.activitytracker.model.Attendance
[ERROR] /C:/Users/karth/OneDrive/Gambar/karthik/project/backend/src/main/java/com/college/activitytracker/service/AttendanceService.java:[120,48] cannot find symbol
[ERROR]   symbol:   method getStatus()
[ERROR]   location: variable a of type com.college.activitytracker.model.Attendance
[ERROR] /C:/Users/karth/OneDrive/Gambar/karthik/project/backend/src/main/java/com/college/activitytracker/service/AttendanceService.java:[127,32] cannot find symbol
[ERROR]   symbol:   method getStudentId()
[ERROR]   location: variable dto of type com.college.activitytracker.dto.AttendanceDTO
[ERROR] /C:/Users/karth/OneDrive/Gambar/karthik/project/backend/src/main/java/com/college/activitytracker/service/AttendanceService.java:[128,32] cannot find symbol
[ERROR]   symbol:   method getSubjectId()
[ERROR]   location: variable dto of type com.college.activitytracker.dto.AttendanceDTO
[ERROR] /C:/Users/karth/OneDrive/Gambar/karthik/project/backend/src/main/java/com/college/activitytracker/service/AttendanceService.java:[129,32] cannot find symbol
[ERROR]   symbol:   method getFacultyId()
[ERROR]   location: variable dto of type com.college.activitytracker.dto.AttendanceDTO
[ERROR] /C:/Users/karth/OneDrive/Gambar/karthik/project/backend/src/main/java/com/college/activitytracker/service/AttendanceService.java:[130,31] cannot find symbol
[ERROR]   symbol:   method getCourseId()
[ERROR]   location: variable dto of type com.college.activitytracker.dto.AttendanceDTO
[ERROR] /C:/Users/karth/OneDrive/Gambar/karthik/project/backend/src/main/java/com/college/activitytracker/service/AttendanceService.java:[131,27] cannot find symbol
[ERROR]   symbol:   method getYear()
[ERROR]   location: variable dto of type com.college.activitytracker.dto.AttendanceDTO
[ERROR] /C:/Users/karth/OneDrive/Gambar/karthik/project/backend/src/main/java/com/college/activitytracker/service/AttendanceService.java:[132,30] cannot find symbol
[ERROR]   symbol:   method getSection()
[ERROR]   location: variable dto of type com.college.activitytracker.dto.AttendanceDTO
[ERROR] /C:/Users/karth/OneDrive/Gambar/karthik/project/backend/src/main/java/com/college/activitytracker/service/AttendanceService.java:[133,27] cannot find symbol
[ERROR]   symbol:   method getDate()
[ERROR]   location: variable dto of type com.college.activitytracker.dto.AttendanceDTO
[ERROR] /C:/Users/karth/OneDrive/Gambar/karthik/project/backend/src/main/java/com/college/activitytracker/service/AttendanceService.java:[134,29] cannot find symbol
[ERROR]   symbol:   method getStatus()
[ERROR]   location: variable dto of type com.college.activitytracker.dto.AttendanceDTO
[ERROR] /C:/Users/karth/OneDrive/Gambar/karthik/project/backend/src/main/java/com/college/activitytracker/service/AttendanceService.java:[135,30] cannot find symbol
[ERROR]   symbol:   method getRemarks()
[ERROR]   location: variable dto of type com.college.activitytracker.dto.AttendanceDTO
[ERROR] /C:/Users/karth/OneDrive/Gambar/karthik/project/backend/src/main/java/com/college/activitytracker/service/AttendanceService.java:[136,32] cannot find symbol
[ERROR]   symbol:   method getCreatedBy()
[ERROR]   location: variable dto of type com.college.activitytracker.dto.AttendanceDTO
[ERROR] /C:/Users/karth/OneDrive/Gambar/karthik/project/backend/src/main/java/com/college/activitytracker/service/AttendanceService.java:[141,25] cannot find symbol
[ERROR]   symbol:   method getId()
[ERROR]   location: variable entity of type com.college.activitytracker.model.Attendance
[ERROR] /C:/Users/karth/OneDrive/Gambar/karthik/project/backend/src/main/java/com/college/activitytracker/service/AttendanceService.java:[142,32] cannot find symbol
[ERROR]   symbol:   method getStudentId()
[ERROR]   location: variable entity of type com.college.activitytracker.model.Attendance
[ERROR] /C:/Users/karth/OneDrive/Gambar/karthik/project/backend/src/main/java/com/college/activitytracker/service/AttendanceService.java:[143,32] cannot find symbol
[ERROR]   symbol:   method getSubjectId()
[ERROR]   location: variable entity of type com.college.activitytracker.model.Attendance
[ERROR] /C:/Users/karth/OneDrive/Gambar/karthik/project/backend/src/main/java/com/college/activitytracker/service/AttendanceService.java:[144,32] cannot find symbol
[ERROR]   symbol:   method getFacultyId()
[ERROR]   location: variable entity of type com.college.activitytracker.model.Attendance
[ERROR] /C:/Users/karth/OneDrive/Gambar/karthik/project/backend/src/main/java/com/college/activitytracker/service/AttendanceService.java:[145,31] cannot find symbol
[ERROR]   symbol:   method getCourseId()
[ERROR]   location: variable entity of type com.college.activitytracker.model.Attendance
[ERROR] /C:/Users/karth/OneDrive/Gambar/karthik/project/backend/src/main/java/com/college/activitytracker/service/AttendanceService.java:[146,27] cannot find symbol
[ERROR]   symbol:   method getYear()
[ERROR]   location: variable entity of type com.college.activitytracker.model.Attendance
[ERROR] /C:/Users/karth/OneDrive/Gambar/karthik/project/backend/src/main/java/com/college/activitytracker/service/AttendanceService.java:[147,30] cannot find symbol
[ERROR]   symbol:   method getSection()
[ERROR]   location: variable entity of type com.college.activitytracker.model.Attendance
[ERROR] /C:/Users/karth/OneDrive/Gambar/karthik/project/backend/src/main/java/com/college/activitytracker/service/AttendanceService.java:[148,27] cannot find symbol
[ERROR]   symbol:   method getDate()
[ERROR]   location: variable entity of type com.college.activitytracker.model.Attendance
[ERROR] /C:/Users/karth/OneDrive/Gambar/karthik/project/backend/src/main/java/com/college/activitytracker/service/AttendanceService.java:[149,29] cannot find symbol
[ERROR]   symbol:   method getStatus()
[ERROR]   location: variable entity of type com.college.activitytracker.model.Attendance
[ERROR] /C:/Users/karth/OneDrive/Gambar/karthik/project/backend/src/main/java/com/college/activitytracker/service/AttendanceService.java:[150,30] cannot find symbol
[ERROR]   symbol:   method getRemarks()
[ERROR]   location: variable entity of type com.college.activitytracker.model.Attendance
[ERROR] /C:/Users/karth/OneDrive/Gambar/karthik/project/backend/src/main/java/com/college/activitytracker/service/AttendanceService.java:[151,32] cannot find symbol
[ERROR]   symbol:   method getCreatedAt()
[ERROR]   location: variable entity of type com.college.activitytracker.model.Attendance
[ERROR] /C:/Users/karth/OneDrive/Gambar/karthik/project/backend/src/main/java/com/college/activitytracker/service/AttendanceService.java:[152,32] cannot find symbol
[ERROR]   symbol:   method getUpdatedAt()
[ERROR]   location: variable entity of type com.college.activitytracker.model.Attendance
[ERROR] /C:/Users/karth/OneDrive/Gambar/karthik/project/backend/src/main/java/com/college/activitytracker/service/AttendanceService.java:[153,32] cannot find symbol
[ERROR]   symbol:   method getCreatedBy()
[ERROR]   location: variable entity of type com.college.activitytracker.model.Attendance
[ERROR] /C:/Users/karth/OneDrive/Gambar/karthik/project/backend/src/main/java/com/college/activitytracker/service/AttendanceService.java:[155,42] cannot find symbol
[ERROR]   symbol:   method getStudentId()
[ERROR]   location: variable entity of type com.college.activitytracker.model.Attendance
[ERROR] /C:/Users/karth/OneDrive/Gambar/karthik/project/backend/src/main/java/com/college/activitytracker/service/AttendanceService.java:[157,42] cannot find symbol
[ERROR]   symbol:   method getSubjectId()
[ERROR]   location: variable entity of type com.college.activitytracker.model.Attendance
[ERROR] /C:/Users/karth/OneDrive/Gambar/karthik/project/backend/src/main/java/com/college/activitytracker/service/AttendanceService.java:[159,42] cannot find symbol
[ERROR]   symbol:   method getFacultyId()
[ERROR]   location: variable entity of type com.college.activitytracker.model.Attendance
[ERROR] /C:/Users/karth/OneDrive/Gambar/karthik/project/backend/src/main/java/com/college/activitytracker/service/AttendanceService.java:[180,48] cannot find symbol
[ERROR]   symbol:   method getStatus()
[ERROR]   location: variable a of type com.college.activitytracker.model.Attendance
[ERROR] /C:/Users/karth/OneDrive/Gambar/karthik/project/backend/src/main/java/com/college/activitytracker/service/AttendanceService.java:[186,65] invalid method reference
[ERROR]   cannot find symbol
[ERROR]     symbol:   method getSubjectId()
[ERROR]     location: class com.college.activitytracker.model.Attendance
[ERROR] /C:/Users/karth/OneDrive/Gambar/karthik/project/backend/src/main/java/com/college/activitytracker/service/AttendanceService.java:[197,52] cannot find symbol
[ERROR]   symbol:   method getStatus()
[ERROR]   location: variable a of type com.college.activitytracker.model.Attendance
[ERROR] /C:/Users/karth/OneDrive/Gambar/karthik/project/backend/src/main/java/com/college/activitytracker/service/AttendanceService.java:[207,32] cannot find symbol
[ERROR]   symbol:   method getName()
[ERROR]   location: variable s of type com.college.activitytracker.model.Subject
[ERROR] /C:/Users/karth/OneDrive/Gambar/karthik/project/backend/src/main/java/com/college/activitytracker/service/AttendanceService.java:[208,28] incompatible types: java.lang.Object cannot be converted to java.lang.String
[ERROR] /C:/Users/karth/OneDrive/Gambar/karthik/project/backend/src/main/java/com/college/activitytracker/service/AttendanceService.java:[234,46] cannot find symbol
[ERROR]   symbol:   method getIsActive()
[ERROR]   location: variable allocation of type com.college.activitytracker.model.ClassAllocation
[ERROR] /C:/Users/karth/OneDrive/Gambar/karthik/project/backend/src/main/java/com/college/activitytracker/service/AttendanceService.java:[234,82] cannot find symbol
[ERROR]   symbol:   method getIsActive()
[ERROR]   location: variable allocation of type com.college.activitytracker.model.ClassAllocation
[ERROR] /C:/Users/karth/OneDrive/Gambar/karthik/project/backend/src/main/java/com/college/activitytracker/service/AttendanceService.java:[235,24] incompatible types: java.lang.Object cannot be converted to boolean
[ERROR] /C:/Users/karth/OneDrive/Gambar/karthik/project/backend/src/main/java/com/college/activitytracker/controller/FacultyController.java:[43,22] cannot find symbol
[ERROR]   symbol:   method setCreatedBy(java.lang.String)
[ERROR]   location: variable attendanceDTO of type @jakarta.validation.Valid com.college.activitytracker.dto.AttendanceDTO
[ERROR] /C:/Users/karth/OneDrive/Gambar/karthik/project/backend/src/main/java/com/college/activitytracker/controller/FacultyController.java:[53,42] cannot find symbol
[ERROR]   symbol:   method setCreatedBy(java.lang.String)
[ERROR]   location: variable dto of type com.college.activitytracker.dto.AttendanceDTO
[ERROR] /C:/Users/karth/OneDrive/Gambar/karthik/project/backend/src/main/java/com/college/activitytracker/controller/FacultyController.java:[81,23] cannot find symbol
[ERROR]   symbol:   method setCreatedBy(java.lang.String)
[ERROR]   location: variable performanceDTO of type @jakarta.validation.Valid com.college.activitytracker.dto.PerformanceDTO
[ERROR] /C:/Users/karth/OneDrive/Gambar/karthik/project/backend/src/main/java/com/college/activitytracker/service/PerformanceService.java:[33,39] cannot find symbol
[ERROR]   symbol:   method getStudentId()
[ERROR]   location: variable dto of type com.college.activitytracker.dto.PerformanceDTO
[ERROR] /C:/Users/karth/OneDrive/Gambar/karthik/project/backend/src/main/java/com/college/activitytracker/service/PerformanceService.java:[35,39] cannot find symbol
[ERROR]   symbol:   method getSubjectId()
[ERROR]   location: variable dto of type com.college.activitytracker.dto.PerformanceDTO
[ERROR] /C:/Users/karth/OneDrive/Gambar/karthik/project/backend/src/main/java/com/college/activitytracker/service/PerformanceService.java:[37,39] cannot find symbol
[ERROR]   symbol:   method getFacultyId()
[ERROR]   location: variable dto of type com.college.activitytracker.dto.PerformanceDTO
[ERROR] /C:/Users/karth/OneDrive/Gambar/karthik/project/backend/src/main/java/com/college/activitytracker/service/PerformanceService.java:[41,38] cannot find symbol
[ERROR]   symbol:   method getFacultyId()
[ERROR]   location: variable dto of type com.college.activitytracker.dto.PerformanceDTO
[ERROR] /C:/Users/karth/OneDrive/Gambar/karthik/project/backend/src/main/java/com/college/activitytracker/service/PerformanceService.java:[41,58] cannot find symbol
[ERROR]   symbol:   method getSubjectId()
[ERROR]   location: variable dto of type com.college.activitytracker.dto.PerformanceDTO
[ERROR] /C:/Users/karth/OneDrive/Gambar/karthik/project/backend/src/main/java/com/college/activitytracker/service/PerformanceService.java:[41,78] cannot find symbol
[ERROR]   symbol:   method getCourseId()
[ERROR]   location: variable dto of type com.college.activitytracker.dto.PerformanceDTO
[ERROR] /C:/Users/karth/OneDrive/Gambar/karthik/project/backend/src/main/java/com/college/activitytracker/service/PerformanceService.java:[42,38] cannot find symbol
[ERROR]   symbol:   method getYear()
[ERROR]   location: variable dto of type com.college.activitytracker.dto.PerformanceDTO
[ERROR] /C:/Users/karth/OneDrive/Gambar/karthik/project/backend/src/main/java/com/college/activitytracker/service/PerformanceService.java:[42,53] cannot find symbol
[ERROR]   symbol:   method getSection()
[ERROR]   location: variable dto of type com.college.activitytracker.dto.PerformanceDTO
[ERROR] /C:/Users/karth/OneDrive/Gambar/karthik/project/backend/src/main/java/com/college/activitytracker/service/PerformanceService.java:[46,20] cannot find symbol
[ERROR]   symbol:   method setCreatedAt(java.time.LocalDateTime)
[ERROR]   location: variable performance of type com.college.activitytracker.model.Performance
[ERROR] /C:/Users/karth/OneDrive/Gambar/karthik/project/backend/src/main/java/com/college/activitytracker/service/PerformanceService.java:[47,20] cannot find symbol
[ERROR]   symbol:   method setUpdatedAt(java.time.LocalDateTime)
[ERROR]   location: variable performance of type com.college.activitytracker.model.Performance
[ERROR] /C:/Users/karth/OneDrive/Gambar/karthik/project/backend/src/main/java/com/college/activitytracker/service/PerformanceService.java:[79,38] cannot find symbol
[ERROR]   symbol:   method getFacultyId()
[ERROR]   location: variable dto of type com.college.activitytracker.dto.PerformanceDTO
[ERROR] /C:/Users/karth/OneDrive/Gambar/karthik/project/backend/src/main/java/com/college/activitytracker/service/PerformanceService.java:[79,58] cannot find symbol
[ERROR]   symbol:   method getSubjectId()
[ERROR]   location: variable dto of type com.college.activitytracker.dto.PerformanceDTO
[ERROR] /C:/Users/karth/OneDrive/Gambar/karthik/project/backend/src/main/java/com/college/activitytracker/service/PerformanceService.java:[79,78] cannot find symbol
[ERROR]   symbol:   method getCourseId()
[ERROR]   location: variable dto of type com.college.activitytracker.dto.PerformanceDTO
[ERROR] /C:/Users/karth/OneDrive/Gambar/karthik/project/backend/src/main/java/com/college/activitytracker/service/PerformanceService.java:[80,38] cannot find symbol
[ERROR]   symbol:   method getYear()
[ERROR]   location: variable dto of type com.college.activitytracker.dto.PerformanceDTO
[ERROR] /C:/Users/karth/OneDrive/Gambar/karthik/project/backend/src/main/java/com/college/activitytracker/service/PerformanceService.java:[80,53] cannot find symbol
[ERROR]   symbol:   method getSection()
[ERROR]   location: variable dto of type com.college.activitytracker.dto.PerformanceDTO
[ERROR] /C:/Users/karth/OneDrive/Gambar/karthik/project/backend/src/main/java/com/college/activitytracker/service/PerformanceService.java:[83,20] cannot find symbol
[ERROR]   symbol:   method setUpdatedAt(java.time.LocalDateTime)
[ERROR]   location: variable performance of type com.college.activitytracker.model.Performance
[ERROR] -> [Help 1]
[ERROR] 
[ERROR] To see the full stack trace of the errors, re-run Maven with the -e switch.
[ERROR] Re-run Maven using the -X switch to enable full debug logging.
[ERROR] 
[ERROR] For more information about the errors and possible solutions, please read the following articles:
[ERROR] [Help 1] http://cwiki.apache.org/confluence/display/MAVEN/MojoFailureException
